2026-02-09 23:12:44,629-Starting Chrome Browser.......
2026-02-09 23:12:47,832-Navigating to URL.....
2026-02-09 23:12:50,219-Closing Browser ...
2026-02-10 18:52:29,269-Starting Chrome Browser.......
2026-02-10 18:52:35,147-Navigating to URL.....
2026-02-10 18:52:40,125-Closing Browser ...
2026-02-12 18:49:36,616-Starting Chrome Browser.......
2026-02-12 18:49:36,620-Starting Chrome Browser.......
2026-02-12 18:49:38,126-Starting Chrome Browser.......
2026-02-12 18:49:38,142-Starting Chrome Browser.......
2026-02-12 18:49:46,032-Navigating to URL.....
2026-02-12 18:49:48,111-Navigating to URL.....
2026-02-12 18:49:49,320-Navigating to URL.....
2026-02-12 18:49:49,902-Navigating to URL.....
2026-02-12 18:49:55,478-Closing Browser ...
2026-02-12 18:49:55,612-Closing Browser ...
2026-02-12 18:49:55,613-Closing Browser ...
2026-02-12 18:49:58,570-Closing Browser ...
2026-02-16 20:26:06,651-Starting Chrome Browser.......
2026-02-16 20:26:13,138-Navigating to URL.....
2026-02-16 20:26:17,287-Closing Browser ...
2026-02-17 17:28:44,639-Starting Chrome Browser.......
2026-02-17 17:28:51,143-Navigating to URL.....
2026-02-17 17:29:48,577-Closing Browser ...
2026-02-17 17:38:06,077-Starting Chrome Browser.......
2026-02-17 17:38:09,236-Navigating to URL.....
2026-02-17 17:38:27,400-Closing Browser ...
2026-02-17 17:39:05,957-Starting Chrome Browser.......
2026-02-17 17:39:08,353-Navigating to URL.....
2026-02-17 17:39:38,629-Closing Browser ...
2026-02-17 17:39:38,871-Starting Chrome Browser.......
2026-02-17 17:39:41,124-Navigating to URL.....
2026-02-17 17:40:11,370-Closing Browser ...
2026-02-17 17:40:27,425-Starting Chrome Browser.......
2026-02-17 17:40:30,016-Navigating to URL.....
2026-02-17 17:41:35,541-Closing Browser ...
2026-02-17 17:41:37,296-Starting Chrome Browser.......
2026-02-17 17:41:39,437-Navigating to URL.....
2026-02-17 17:41:44,306-Closing Browser ...
2026-02-17 17:49:24,761-Starting Chrome Browser.......
2026-02-17 17:49:28,011-Navigating to URL.....
2026-02-17 17:49:31,307-Closing Browser ...
2026-02-17 17:49:33,134-Starting Chrome Browser.......
2026-02-17 17:49:35,842-Navigating to URL.....
2026-02-17 17:49:38,946-Closing Browser ...
2026-02-17 18:59:54,380-Starting Chrome Browser.......
2026-02-17 19:00:01,130-Navigating to URL.....
2026-02-17 19:00:03,507-Closing Browser ...
2026-02-17 19:00:05,729-Starting Chrome Browser.......
2026-02-17 19:00:09,262-Navigating to URL.....
2026-02-17 19:00:10,815-Closing Browser ...
2026-03-02 17:32:04,764-Starting Chrome Browser.......
2026-03-02 17:32:15,038-Navigating to URL.....
2026-03-02 17:32:18,161-Starting Login Test ...
2026-03-02 17:32:18,184-Adding Credentials
2026-03-02 17:32:18,561-Closing Browser ...
2026-03-02 17:32:18,757-Starting Chrome Browser.......
2026-03-02 17:32:20,592-Navigating to URL.....
2026-03-02 17:32:21,637-Starting Login Test ...
2026-03-02 17:32:21,638-Adding Credentials
2026-03-02 17:32:22,090-Closing Browser ...
2026-03-02 17:32:22,285-Starting Chrome Browser.......
2026-03-02 17:32:24,187-Navigating to URL.....
2026-03-02 17:32:25,157-Starting Login Test ...
2026-03-02 17:32:25,158-Adding Credentials
2026-03-02 17:32:25,726-Closing Browser ...
2026-03-02 17:35:12,076-Starting Chrome Browser.......
2026-03-02 17:35:14,383-Navigating to URL.....
2026-03-02 17:35:17,400-Starting Login Test ...
2026-03-02 17:35:17,419-Adding Credentials
2026-03-02 17:35:17,930-Closing Browser ...
2026-03-02 17:35:18,122-Starting Chrome Browser.......
2026-03-02 17:35:19,957-Navigating to URL.....
2026-03-02 17:35:21,029-Starting Login Test ...
2026-03-02 17:35:21,030-Adding Credentials
2026-03-02 17:35:21,441-Closing Browser ...
2026-03-02 17:35:21,767-Starting Chrome Browser.......
2026-03-02 17:35:23,544-Navigating to URL.....
2026-03-02 17:35:24,541-Starting Login Test ...
2026-03-02 17:35:24,542-Adding Credentials
2026-03-02 17:35:25,054-Closing Browser ...
2026-03-02 17:35:50,364-Starting Chrome Browser.......
2026-03-02 17:35:52,561-Navigating to URL.....
2026-03-02 17:35:55,168-Starting Login Test ...
2026-03-02 17:35:55,192-Adding Credentials
2026-03-02 17:35:55,639-Closing Browser ...
2026-03-02 17:35:55,640-Starting Chrome Browser.......
2026-03-02 17:35:57,613-Navigating to URL.....
2026-03-02 17:35:59,555-Starting Login Test ...
2026-03-02 17:35:59,556-Adding Credentials
2026-03-02 17:35:59,881-Closing Browser ...
2026-03-02 17:35:59,881-Starting Chrome Browser.......
2026-03-02 17:36:01,796-Navigating to URL.....
2026-03-02 17:36:02,898-Starting Login Test ...
2026-03-02 17:36:02,899-Adding Credentials
2026-03-02 17:36:03,323-Closing Browser ...
2026-03-02 17:51:45,120-Starting Chrome Browser.......
2026-03-02 17:51:48,116-Navigating to URL.....
2026-03-02 17:51:51,289-Starting Login Test ...
2026-03-02 17:51:51,306-Adding Credentials
2026-03-02 17:51:51,730-Closing Browser ...
2026-03-02 17:51:51,730-Starting Chrome Browser.......
2026-03-02 17:51:53,708-Navigating to URL.....
2026-03-02 17:51:54,707-Starting Login Test ...
2026-03-02 17:51:54,708-Adding Credentials
2026-03-02 17:51:55,175-Closing Browser ...
2026-03-02 17:51:55,176-Starting Chrome Browser.......
2026-03-02 17:51:57,363-Navigating to URL.....
2026-03-02 17:51:58,475-Starting Login Test ...
2026-03-02 17:51:58,475-Adding Credentials
2026-03-02 17:51:58,953-Closing Browser ...
2026-03-02 17:58:12,157-Starting Chrome Browser.......
2026-03-02 17:58:14,781-Navigating to URL.....
2026-03-02 17:58:18,874-Starting Login Test ...
2026-03-02 17:58:18,903-Adding Credentials
2026-03-02 17:58:19,210-Clicking on Login Button
2026-03-02 17:58:19,335-Closing Browser ...
2026-03-02 17:58:19,336-Starting Chrome Browser.......
2026-03-02 17:58:21,478-Navigating to URL.....
2026-03-02 17:58:22,442-Starting Login Test ...
2026-03-02 17:58:22,442-Adding Credentials
2026-03-02 17:58:22,803-Clicking on Login Button
2026-03-02 17:58:22,909-Closing Browser ...
2026-03-02 17:58:22,911-Starting Chrome Browser.......
2026-03-02 17:58:24,772-Navigating to URL.....
2026-03-02 17:58:27,024-Starting Login Test ...
2026-03-02 17:58:27,025-Adding Credentials
2026-03-02 17:58:27,341-Clicking on Login Button
2026-03-02 17:58:27,466-Closing Browser ...
2026-03-02 17:59:38,565-Starting Chrome Browser.......
2026-03-02 17:59:40,852-Navigating to URL.....
2026-03-02 17:59:41,912-Starting Login Test ...
2026-03-02 17:59:41,928-Adding Credentials
2026-03-02 17:59:42,394-Closing Browser ...
2026-03-02 17:59:42,395-Starting Chrome Browser.......
2026-03-02 17:59:45,214-Navigating to URL.....
2026-03-02 17:59:46,582-Starting Login Test ...
2026-03-02 17:59:46,583-Adding Credentials
2026-03-02 17:59:46,968-Closing Browser ...
2026-03-02 17:59:46,969-Starting Chrome Browser.......
2026-03-02 17:59:48,798-Navigating to URL.....
2026-03-02 17:59:49,881-Starting Login Test ...
2026-03-02 17:59:49,882-Adding Credentials
2026-03-02 17:59:50,362-Closing Browser ...
2026-03-02 18:03:38,265-Starting Chrome Browser.......
2026-03-02 18:03:40,723-Navigating to URL.....
2026-03-02 18:03:44,683-Starting Login Test ...
2026-03-02 18:03:44,703-Adding Credentials
2026-03-02 18:03:45,069-Clicking on Login Button
2026-03-02 18:03:45,216-Closing Browser ...
2026-03-02 18:03:45,217-Starting Chrome Browser.......
2026-03-02 18:03:47,146-Navigating to URL.....
2026-03-02 18:03:48,319-Starting Login Test ...
2026-03-02 18:03:48,320-Adding Credentials
2026-03-02 18:03:48,750-Clicking on Login Button
2026-03-02 18:03:48,843-Closing Browser ...
2026-03-02 18:03:48,845-Starting Chrome Browser.......
2026-03-02 18:03:50,719-Navigating to URL.....
2026-03-02 18:03:51,786-Starting Login Test ...
2026-03-02 18:03:51,787-Adding Credentials
2026-03-02 18:03:54,954-Clicking on Login Button
2026-03-02 18:03:56,057-Closing Browser ...
2026-03-02 18:05:37,780-Starting Chrome Browser.......
2026-03-02 18:05:40,287-Navigating to URL.....
2026-03-02 18:05:41,259-Starting Login Test ...
2026-03-02 18:05:41,276-Adding Credentials
2026-03-02 18:05:41,610-Clicking on Login Button
2026-03-02 18:05:41,750-Closing Browser ...
2026-03-02 18:05:41,751-Starting Chrome Browser.......
2026-03-02 18:05:43,709-Navigating to URL.....
2026-03-02 18:05:44,425-Starting Login Test ...
2026-03-02 18:05:44,426-Adding Credentials
2026-03-02 18:05:44,835-Clicking on Login Button
2026-03-02 18:05:44,941-Closing Browser ...
2026-03-02 18:05:44,942-Starting Chrome Browser.......
2026-03-02 18:05:47,174-Navigating to URL.....
2026-03-02 18:05:50,147-Starting Login Test ...
2026-03-02 18:05:50,148-Adding Credentials
2026-03-02 18:05:50,483-Clicking on Login Button
2026-03-02 18:05:54,139-Closing Browser ...
2026-03-02 21:30:03,002-Starting Chrome Browser.......
2026-03-02 21:30:11,777-Navigating to URL.....
2026-03-02 21:30:12,738-Starting Login Test ...
2026-03-02 21:30:12,770-Adding Credentials
2026-03-02 21:30:13,348-Clicking on Login Button
2026-03-02 21:30:14,512-Closing Browser ...
